---
"./spec/errors/resolution/copying_block_into_section.spec.rb[1:1:1]": "In line 5 a
  block is copied into a section.\n\n   Line | Content\n   ...\n      3 | -- original\n
  \     4 | \n >    5 | # copy < original\n"
"./spec/errors/resolution/copying_block_into_section.spec.rb[1:1:2]":
- - 4
  - 0
- - 4
  - 17
