---
"./spec/errors/resolution/copying_list_into_fieldset.spec.rb[1:1:1]": "In line 4 a
  list is copied into a fieldset.\n\n   Line | Content\n   ...\n      2 | - value\n
  \     3 | \n >    4 | copy < original\n      5 | entry = value\n"
"./spec/errors/resolution/copying_list_into_fieldset.spec.rb[1:1:2]":
- - 3
  - 0
- - 3
  - 15
