---
"./spec/errors/resolution/copying_field_into_section.spec.rb[1:1:1]": "In line 3 a
  field is copied into a section.\n\n   Line | Content\n      1 | original: value\n
  \     2 | \n >    3 | # copy < original\n"
"./spec/errors/resolution/copying_field_into_section.spec.rb[1:1:2]":
- - 2
  - 0
- - 2
  - 17
